// Vitest Snapshot v1, https://vitest.dev/guide/snapshot.html

exports[`<PastProjects> > should render component 1`] = `
<DocumentFragment>
  <div
    class="p-8 bg-indigo-950"
  >
    <h1
      class="text-6xl font-medium mb-4 text-white"
    >
      Past Projects
    </h1>
    <div
      class="my-4"
    >
      <div>
        Link
      </div>
    </div>
    <div
      class="overflow-x-auto flex justify-center"
    >
      <table
        class="w-full table-auto"
      >
        <thead>
          <tr
            class="text-white bg-gray-800"
          >
            <th
              class="w-auto px-4 py-2 border"
            >
              Serial No
            </th>
            <th
              class="w-auto px-4 py-2 border"
            >
              Project Name
            </th>
            <th
              class="w-auto px-4 py-2 border"
            >
              Project Images
            </th>
            <th
              class="w-auto px-4 py-2 border"
            >
              Project Description
            </th>
            <th
              class="w-auto px-4 py-2 border"
            >
              Actions
            </th>
          </tr>
        </thead>
        <tbody
          class="text-white"
        />
      </table>
    </div>
  </div>
</DocumentFragment>
`;
