// Vitest Snapshot v1, https://vitest.dev/guide/snapshot.html

exports[`<App> > should render component 1`] = `
<DocumentFragment>
  <div
    style="position: fixed; z-index: 9999; top: 16px; left: 16px; right: 16px; bottom: 16px; pointer-events: none;"
  />
  <div
    class="home "
  >
    <div
      class="intro grid grid-cols-1 xl:grid-cols-2"
    >
      <div
        class="grid sm:grid-rows-2"
      >
        <div
          class="flex "
        >
          <div
            class="homepage-intro-text flex justify-center items-center relative text-xl sm:text-6xl p-5"
          />
        </div>
        <div
          class="flex justify-center items-center w-full"
        >
          <div>
            <div
              class=" sm:flex hidden items-center justify-center flex-row py-10 "
            >
              <div
                class="flex justify-center offer-panel arc"
              >
                <div
                  class="circle deg-0"
                />
                <div
                  class="circle deg-22"
                />
                <div
                  class="circle deg-45"
                />
                <div
                  class="circle deg-338"
                />
                <div
                  class="circle deg-315"
                />
                <div
                  class="line deg-0-line"
                >
                  <hr />
                </div>
                <div
                  class="line deg-22-line"
                >
                  <hr />
                </div>
                <div
                  class="line deg-45-line"
                >
                  <hr />
                </div>
                <div
                  class="line deg-338-line"
                >
                  <hr />
                </div>
                <div
                  class="line deg-315-line"
                >
                  <hr />
                </div>
                <div
                  class="offers deg-0-offer"
                >
                  <div
                    class="offer"
                  >
                    <div
                      class="offer-icon flex items-center justify-center"
                      style="background-color: rgb(255, 215, 0);"
                    >
                      <svg
                        fill="currentColor"
                        height="1.5rem"
                        stroke="currentColor"
                        stroke-width="0"
                        viewBox="0 0 384 512"
                        width="1.5rem"
                        xmlns="http://www.w3.org/2000/svg"
                      >
                        <path
                          d="M272 384c9.6-31.9 29.5-59.1 49.2-86.2l0 0c5.2-7.1 10.4-14.2 15.4-21.4c19.8-28.5 31.4-63 31.4-100.3C368 78.8 289.2 0 192 0S16 78.8 16 176c0 37.3 11.6 71.9 31.4 100.3c5 7.2 10.2 14.3 15.4 21.4l0 0c19.8 27.1 39.7 54.4 49.2 86.2H272zM192 512c44.2 0 80-35.8 80-80V416H112v16c0 44.2 35.8 80 80 80zM112 176c0 8.8-7.2 16-16 16s-16-7.2-16-16c0-61.9 50.1-112 112-112c8.8 0 16 7.2 16 16s-7.2 16-16 16c-44.2 0-80 35.8-80 80z"
                        />
                      </svg>
                    </div>
                    <div
                      class="offer-label"
                      style="background-color: rgb(255, 255, 255);"
                    >
                      25 year warranty
                    </div>
                  </div>
                </div>
                <div
                  class="offers deg-22-offer"
                >
                  <div
                    class="offer"
                  >
                    <div
                      class="offer-icon flex items-center justify-center"
                      style="background-color: rgb(255, 255, 255);"
                    >
                      <svg
                        fill="currentColor"
                        height="1.5rem"
                        stroke="currentColor"
                        stroke-width="0"
                        viewBox="0 0 24 24"
                        width="1.5rem"
                        xmlns="http://www.w3.org/2000/svg"
                      >
                        <path
                          d="M0 0h24v24H0z"
                          fill="none"
                        />
                        <path
                          d="M12 1L3 5v6c0 5.55 3.84 10.74 9 12 5.16-1.26 9-6.45 9-12V5l-9-4zm0 10.99h7c-.53 4.12-3.28 7.79-7 8.94V12H5V6.3l7-3.11v8.8z"
                        />
                      </svg>
                    </div>
                    <div
                      class="offer-label"
                      style="background-color: rgb(255, 215, 0);"
                    >
                      100% inverter warranty
                    </div>
                  </div>
                </div>
                <div
                  class="offers deg-45-offer"
                >
                  <div
                    class="offer"
                  >
                    <div
                      class="offer-icon flex items-center justify-center"
                      style="background-color: rgb(255, 215, 0);"
                    >
                      <svg
                        fill="currentColor"
                        height="1.5rem"
                        stroke="currentColor"
                        stroke-width="0"
                        viewBox="0 0 16 16"
                        width="1.5rem"
                        xmlns="http://www.w3.org/2000/svg"
                      >
                        <path
                          d="M5.52.359A.5.5 0 0 1 6 0h4a.5.5 0 0 1 .474.658L8.694 6H12.5a.5.5 0 0 1 .395.807l-7 9a.5.5 0 0 1-.873-.454L6.823 9.5H3.5a.5.5 0 0 1-.48-.641l2.5-8.5z"
                        />
                      </svg>
                    </div>
                    <div
                      class="offer-label"
                      style="background-color: rgb(255, 255, 255);"
                    >
                      95% save electricity
                    </div>
                  </div>
                </div>
                <div
                  class="offers deg-338-offer"
                >
                  <div
                    class="offer"
                  >
                    <div
                      class="offer-icon flex items-center justify-center"
                      style="background-color: rgb(255, 255, 255);"
                    >
                      <svg
                        fill="currentColor"
                        height="1.5rem"
                        stroke="currentColor"
                        stroke-width="0"
                        viewBox="0 0 24 24"
                        width="1.5rem"
                        xmlns="http://www.w3.org/2000/svg"
                      >
                        <path
                          d="M0 0h24v24H0z"
                          fill="none"
                        />
                        <path
                          d="M12 1L3 5v6c0 5.55 3.84 10.74 9 12 5.16-1.26 9-6.45 9-12V5l-9-4zm0 10.99h7c-.53 4.12-3.28 7.79-7 8.94V12H5V6.3l7-3.11v8.8z"
                        />
                      </svg>
                    </div>
                    <div
                      class="offer-label"
                      style="background-color: rgb(255, 215, 0);"
                    >
                      10 years of battery life
                    </div>
                  </div>
                </div>
                <div
                  class="offers deg-315-offer"
                >
                  <div
                    class="offer"
                  >
                    <div
                      class="offer-icon flex items-center justify-center"
                      style="background-color: rgb(255, 215, 0);"
                    >
                      <svg
                        fill="currentColor"
                        height="1.5rem"
                        stroke="currentColor"
                        stroke-width="0"
                        viewBox="0 0 384 512"
                        width="1.5rem"
                        xmlns="http://www.w3.org/2000/svg"
                      >
                        <path
                          d="M272 384c9.6-31.9 29.5-59.1 49.2-86.2l0 0c5.2-7.1 10.4-14.2 15.4-21.4c19.8-28.5 31.4-63 31.4-100.3C368 78.8 289.2 0 192 0S16 78.8 16 176c0 37.3 11.6 71.9 31.4 100.3c5 7.2 10.2 14.3 15.4 21.4l0 0c19.8 27.1 39.7 54.4 49.2 86.2H272zM192 512c44.2 0 80-35.8 80-80V416H112v16c0 44.2 35.8 80 80 80zM112 176c0 8.8-7.2 16-16 16s-16-7.2-16-16c0-61.9 50.1-112 112-112c8.8 0 16 7.2 16 16s-7.2 16-16 16c-44.2 0-80 35.8-80 80z"
                        />
                      </svg>
                    </div>
                    <div
                      class="offer-label"
                      style="background-color: rgb(255, 255, 255);"
                    >
                      25 year panel warranty
                    </div>
                  </div>
                </div>
                <div
                  class=" flex items-center justify-center relative w-full h-full "
                >
                  <img
                    alt="offer_solar"
                    class="w-full h-full"
                    src="/src/assets/offer_solar.png"
                  />
                  <div
                    class="offer-amount flex items-center justify-center w-2/5 h-2/5 absolute bottom-0 left-0 animate-blink-scale"
                  >
                    50%
                    <div
                      class="flex items-center justify-center absolute "
                    />
                  </div>
                </div>
              </div>
              <div
                class="flex w-80"
              />
            </div>
            <div
              class="sm:hidden grid my-5"
            >
              <div
                class="grid justify-center items-center text-secondary text-4xl font-bold py-5"
              >
                Exclusive Offers
              </div>
              <div
                class="grid grid-rows-5 gap-5"
              >
                <div
                  class="offer"
                >
                  <div
                    class="offer-icon flex items-center justify-center"
                    style="background-color: rgb(255, 215, 0);"
                  >
                    <svg
                      fill="currentColor"
                      height="1.5rem"
                      stroke="currentColor"
                      stroke-width="0"
                      viewBox="0 0 384 512"
                      width="1.5rem"
                      xmlns="http://www.w3.org/2000/svg"
                    >
                      <path
                        d="M272 384c9.6-31.9 29.5-59.1 49.2-86.2l0 0c5.2-7.1 10.4-14.2 15.4-21.4c19.8-28.5 31.4-63 31.4-100.3C368 78.8 289.2 0 192 0S16 78.8 16 176c0 37.3 11.6 71.9 31.4 100.3c5 7.2 10.2 14.3 15.4 21.4l0 0c19.8 27.1 39.7 54.4 49.2 86.2H272zM192 512c44.2 0 80-35.8 80-80V416H112v16c0 44.2 35.8 80 80 80zM112 176c0 8.8-7.2 16-16 16s-16-7.2-16-16c0-61.9 50.1-112 112-112c8.8 0 16 7.2 16 16s-7.2 16-16 16c-44.2 0-80 35.8-80 80z"
                      />
                    </svg>
                  </div>
                  <div
                    class="offer-label"
                    style="background-color: rgb(255, 255, 255);"
                  >
                    25 year warranty
                  </div>
                </div>
                <div
                  class="offer"
                >
                  <div
                    class="offer-icon flex items-center justify-center"
                    style="background-color: rgb(255, 255, 255);"
                  >
                    <svg
                      fill="currentColor"
                      height="1.5rem"
                      stroke="currentColor"
                      stroke-width="0"
                      viewBox="0 0 24 24"
                      width="1.5rem"
                      xmlns="http://www.w3.org/2000/svg"
                    >
                      <path
                        d="M0 0h24v24H0z"
                        fill="none"
                      />
                      <path
                        d="M12 1L3 5v6c0 5.55 3.84 10.74 9 12 5.16-1.26 9-6.45 9-12V5l-9-4zm0 10.99h7c-.53 4.12-3.28 7.79-7 8.94V12H5V6.3l7-3.11v8.8z"
                      />
                    </svg>
                  </div>
                  <div
                    class="offer-label"
                    style="background-color: rgb(255, 215, 0);"
                  >
                    100% inverter warranty
                  </div>
                </div>
                <div
                  class="offer"
                >
                  <div
                    class="offer-icon flex items-center justify-center"
                    style="background-color: rgb(255, 215, 0);"
                  >
                    <svg
                      fill="currentColor"
                      height="1.5rem"
                      stroke="currentColor"
                      stroke-width="0"
                      viewBox="0 0 16 16"
                      width="1.5rem"
                      xmlns="http://www.w3.org/2000/svg"
                    >
                      <path
                        d="M5.52.359A.5.5 0 0 1 6 0h4a.5.5 0 0 1 .474.658L8.694 6H12.5a.5.5 0 0 1 .395.807l-7 9a.5.5 0 0 1-.873-.454L6.823 9.5H3.5a.5.5 0 0 1-.48-.641l2.5-8.5z"
                      />
                    </svg>
                  </div>
                  <div
                    class="offer-label"
                    style="background-color: rgb(255, 255, 255);"
                  >
                    95% save electricity
                  </div>
                </div>
                <div
                  class="offer"
                >
                  <div
                    class="offer-icon flex items-center justify-center"
                    style="background-color: rgb(255, 255, 255);"
                  >
                    <svg
                      fill="currentColor"
                      height="1.5rem"
                      stroke="currentColor"
                      stroke-width="0"
                      viewBox="0 0 24 24"
                      width="1.5rem"
                      xmlns="http://www.w3.org/2000/svg"
                    >
                      <path
                        d="M0 0h24v24H0z"
                        fill="none"
                      />
                      <path
                        d="M12 1L3 5v6c0 5.55 3.84 10.74 9 12 5.16-1.26 9-6.45 9-12V5l-9-4zm0 10.99h7c-.53 4.12-3.28 7.79-7 8.94V12H5V6.3l7-3.11v8.8z"
                      />
                    </svg>
                  </div>
                  <div
                    class="offer-label"
                    style="background-color: rgb(255, 215, 0);"
                  >
                    10 years of battery life
                  </div>
                </div>
                <div
                  class="offer"
                >
                  <div
                    class="offer-icon flex items-center justify-center"
                    style="background-color: rgb(255, 215, 0);"
                  >
                    <svg
                      fill="currentColor"
                      height="1.5rem"
                      stroke="currentColor"
                      stroke-width="0"
                      viewBox="0 0 384 512"
                      width="1.5rem"
                      xmlns="http://www.w3.org/2000/svg"
                    >
                      <path
                        d="M272 384c9.6-31.9 29.5-59.1 49.2-86.2l0 0c5.2-7.1 10.4-14.2 15.4-21.4c19.8-28.5 31.4-63 31.4-100.3C368 78.8 289.2 0 192 0S16 78.8 16 176c0 37.3 11.6 71.9 31.4 100.3c5 7.2 10.2 14.3 15.4 21.4l0 0c19.8 27.1 39.7 54.4 49.2 86.2H272zM192 512c44.2 0 80-35.8 80-80V416H112v16c0 44.2 35.8 80 80 80zM112 176c0 8.8-7.2 16-16 16s-16-7.2-16-16c0-61.9 50.1-112 112-112c8.8 0 16 7.2 16 16s-7.2 16-16 16c-44.2 0-80 35.8-80 80z"
                      />
                    </svg>
                  </div>
                  <div
                    class="offer-label"
                    style="background-color: rgb(255, 255, 255);"
                  >
                    25 year panel warranty
                  </div>
                </div>
              </div>
            </div>
          </div>
        </div>
      </div>
      <div
        class="introImage w-full"
      >
        <div
          class="slider-container relative flex flex-col"
        >
          <div
            class="flex w-full flex-row h-9/10"
          >
            <div
              class="flex w-full"
            >
              <img
                alt="Image 1"
                class="slider-image active object-fit-cover"
                src="/src/assets/construction.jpg"
              />
            </div>
            <div
              class="flex w-full h-full flex-col"
            >
              <div
                class="flex w-full h-1/2"
              >
                <img
                  alt="Image 1"
                  class="slider-image active object-fit-cover"
                  src="/src/assets/solar.jpg"
                />
              </div>
              <div
                class="flex w-full h-1/2"
              >
                <img
                  alt="Image 2"
                  class="slider-image active object-fit-cover"
                  src="/src/assets/footer_sample.jpg"
                />
              </div>
            </div>
          </div>
          <div
            class="flex justify-center md:justify-end  items-center  h-1/10 mr-0 md:mr-10"
          >
            <div
              class="dots-container"
            >
              <button
                class="dot active"
              />
              <button
                class="dot "
              />
              <button
                class="dot "
              />
            </div>
          </div>
        </div>
      </div>
    </div>
    <div
      class="flex w-full relative"
    >
      <div
        class="past-project flex flex-col"
      >
        <div
          class="grid grid-cols-1 lg:grid-cols-3 w-full relative p-5"
        >
          <div
            class="title flex items-center justify-center text-4xl md:text-6xl text-center m-5 relative"
          >
            SEVO SMART TECH
          </div>
          <div
            class="past-project-description col-span-2 flex items-center justify-center m-5 text-xl relative"
          >
            <div
              class="flex items-center justify-center"
            >
              <p>
                Project 1 at Solar Energy Ventures exemplified our dedication to harnessing solar power for sustainable energy solutions. By deploying advanced photovoltaic panels coupled with efficient energy storage systems, we successfully provided clean and reliable electricity to communities. This project not only reduced carbon emissions but also promoted energy independence, empowering localities to embrace renewable energy sources.
              </p>
            </div>
          </div>
        </div>
        <div
          class="flex items-center justify-around flex-row relative my-5 "
        >
          <div
            class="cursor-pointer  border-2 mx-2 border-transparent hover:bg-slate-400 active:bg-slate-500 hover:rounded-full hover:border-solid  hover:border-2 hover:border-slate-800"
          >
            <svg
              fill="currentColor"
              height="5rem"
              stroke="currentColor"
              stroke-width="0"
              viewBox="0 0 512 512"
              width="5rem"
              xmlns="http://www.w3.org/2000/svg"
            >
              <path
                d="M217.9 256L345 129c9.4-9.4 9.4-24.6 0-33.9-9.4-9.4-24.6-9.3-34 0L167 239c-9.1 9.1-9.3 23.7-.7 33.1L310.9 417c4.7 4.7 10.9 7 17 7s12.3-2.3 17-7c9.4-9.4 9.4-24.6 0-33.9L217.9 256z"
              />
            </svg>
          </div>
          <div
            class="past-project-image hidden lg:flex h-40 w-64"
          >
            <img
              alt="Image 2"
              src="/src/assets/footer_sample.jpg"
            />
          </div>
          <div
            class="past-project-image flex  w-96 lg:h-48 lg:w-72"
          >
            <img
              alt="Image 1"
              src="/src/assets/solar.jpg"
            />
          </div>
          <div
            class="past-project-image hidden lg:flex h-40 w-64"
          >
            <img
              alt="Image 0"
              src="/src/assets/construction.jpg"
            />
          </div>
          <div
            class="cursor-pointer mx-2  border-2 border-transparent hover:bg-slate-400 active:bg-slate-500 hover:rounded-full hover:border-solid  hover:border-2 hover:border-slate-800"
          >
            <svg
              fill="currentColor"
              height="5rem"
              stroke="currentColor"
              stroke-width="0"
              viewBox="0 0 512 512"
              width="5rem"
              xmlns="http://www.w3.org/2000/svg"
            >
              <path
                d="M294.1 256L167 129c-9.4-9.4-9.4-24.6 0-33.9s24.6-9.3 34 0L345 239c9.1 9.1 9.3 23.7.7 33.1L201.1 417c-4.7 4.7-10.9 7-17 7s-12.3-2.3-17-7c-9.4-9.4-9.4-24.6 0-33.9l127-127.1z"
              />
            </svg>
          </div>
        </div>
        <div
          class="flex flex-row items-center justify-center  h-3/10 w-full  relative "
        >
          <div
            class="grid grid-cols-1 md:grid-cols-3 gap-10 items-center justify-items-center justify-around w-8/10 h-full"
          >
            <div
              class="past-project-history flex flex-col items-center justify-around m-5"
            >
              <div
                class="flex items-center justify-center relative h-full w-7/12 "
              >
                <div
                  class="past-project-history-border1 flex items-center justify-center relative "
                  style="border-top-color: #ffd700;"
                >
                  <div
                    class="past-project-history-border2"
                    style="border-top-color: #ffd700;"
                  >
                    54
                  </div>
                </div>
                <div
                  class="absolute bottom-0 right-0"
                >
                  <svg
                    color="#ffd700"
                    fill="none"
                    height="4rem"
                    stroke="currentColor"
                    stroke-linecap="round"
                    stroke-linejoin="round"
                    stroke-width="2"
                    style="color: rgb(255, 215, 0);"
                    viewBox="0 0 24 24"
                    width="4rem"
                    xmlns="http://www.w3.org/2000/svg"
                  >
                    <path
                      d="M0 0h24v24H0z"
                      fill="none"
                      stroke="none"
                    />
                    <path
                      d="M8 2a4 4 0 1 0 8 0"
                    />
                    <path
                      d="M4 3h1"
                    />
                    <path
                      d="M19 3h1"
                    />
                    <path
                      d="M12 9v1"
                    />
                    <path
                      d="M17.2 7.2l.707 .707"
                    />
                    <path
                      d="M6.8 7.2l-.7 .7"
                    />
                    <path
                      d="M4.28 21h15.44a1 1 0 0 0 .97 -1.243l-1.5 -6a1 1 0 0 0 -.97 -.757h-12.44a1 1 0 0 0 -.97 .757l-1.5 6a1 1 0 0 0 .97 1.243z"
                    />
                    <path
                      d="M4 17h16"
                    />
                    <path
                      d="M10 13l-1 8"
                    />
                    <path
                      d="M14 13l1 8"
                    />
                  </svg>
                </div>
              </div>
              <div
                class="flex items-center justify-center flex-col h-3/10 w-full"
              >
                <p>
                  successfully completed
                </p>
                <p>
                  Solar projects
                </p>
              </div>
            </div>
            <div
              class="past-project-history flex flex-col items-center justify-around m-5"
            >
              <div
                class="flex items-center justify-center relative h-full w-7/12 "
              >
                <div
                  class="past-project-history-border1 flex items-center justify-center relative "
                  style="border-top-color: #DB944B;"
                >
                  <div
                    class="past-project-history-border2"
                    style="border-top-color: #DB944B;"
                  >
                    74
                  </div>
                </div>
                <div
                  class="absolute bottom-0 right-0"
                >
                  <svg
                    color="#DB944B"
                    fill="currentColor"
                    height="4rem"
                    stroke="currentColor"
                    stroke-width="0"
                    style="color: rgb(219, 148, 75);"
                    viewBox="0 0 512 512"
                    width="4rem"
                    xmlns="http://www.w3.org/2000/svg"
                  >
                    <path
                      d="M349.1 334.7c-11.2-4-29.5-4.2-37.6-7.3-5.6-2.2-14.5-4.6-17.4-8.1-2.9-3.5-2.9-28.5-2.9-28.5s7-6.6 9.9-14c2.9-7.3 4.8-27.5 4.8-27.5s6.6 2.8 9.2-10.4c2.2-11.4 6.4-17.4 5.3-25.8-1.2-8.4-5.8-6.4-5.8-6.4s5.8-8.5 5.8-37.4c0-29.8-22.5-59.1-64.6-59.1-42 0-64.7 29.4-64.7 59.1 0 28.9 5.7 37.4 5.7 37.4s-4.7-2-5.8 6.4c-1.2 8.4 3 14.4 5.3 25.8 2.6 13.3 9.2 10.4 9.2 10.4s1.9 20.1 4.8 27.5c2.9 7.4 9.9 14 9.9 14s0 25-2.9 28.5-11.8 5.9-17.4 8c-8 3.1-26.3 3.5-37.6 7.5-11.2 4-45.8 22.2-45.8 67.2h278.3c.1-45.1-34.5-63.3-45.7-67.3z"
                    />
                    <path
                      d="M140 286s23.9-.8 33.4-9.3c-15.5-23.5-7.1-50.9-10.3-76.5-3.2-25.5-17.7-40.8-46.7-40.8h-.4c-28 0-43.1 15.2-46.3 40.8-3.2 25.5 5.7 56-10.2 76.5C69 285.3 93 285 93 285s1 14.4-1 16.8c-2 2.4-7.9 4.7-12 5.5-8.8 1.9-18.1 4.5-25.9 7.2-7.8 2.7-22.6 17.2-22.6 37.2h80.3c2.2-8 17.3-22.3 32-29.8 9-4.6 17.9-4.3 24.7-5.2 0 0 3.8-6-8.7-8.3 0 0-17.2-4.3-19.2-6.7-1.9-2.2-.6-15.7-.6-15.7zM372 286s-23.9-.8-33.4-9.3c15.5-23.5 7.1-50.9 10.3-76.5 3.2-25.5 17.7-40.8 46.7-40.8h.4c28 0 43.1 15.2 46.3 40.8 3.2 25.5-5.7 56 10.2 76.5-9.5 8.6-33.5 8.3-33.5 8.3s-1 14.4 1 16.8c2 2.4 7.9 4.7 12 5.5 8.8 1.9 18.1 4.5 25.9 7.2 7.8 2.7 22.6 17.2 22.6 37.2h-80.3c-2.2-8-17.3-22.3-32-29.8-9-4.6-17.9-4.3-24.7-5.2 0 0-3.8-6 8.7-8.3 0 0 17.2-4.3 19.2-6.7 1.9-2.2.6-15.7.6-15.7z"
                    />
                  </svg>
                </div>
              </div>
              <div
                class="flex items-center justify-center flex-col h-3/10 w-full"
              >
                <p>
                  successfully completed
                </p>
                <p>
                  Building projects
                </p>
              </div>
            </div>
            <div
              class="past-project-history flex flex-col items-center justify-around m-5"
            >
              <div
                class="flex items-center justify-center relative h-full w-7/12 "
              >
                <div
                  class="past-project-history-border1 flex items-center justify-center relative "
                  style="border-top-color: #2EAB47;"
                >
                  <div
                    class="past-project-history-border2"
                    style="border-top-color: #2EAB47;"
                  >
                    56
                  </div>
                </div>
                <div
                  class="absolute bottom-0 right-0"
                >
                  <svg
                    color="#2EAB47"
                    fill="currentColor"
                    height="4rem"
                    stroke="currentColor"
                    stroke-width="0"
                    style="color: rgb(46, 171, 71);"
                    viewBox="0 0 24 24"
                    width="4rem"
                    xmlns="http://www.w3.org/2000/svg"
                  >
                    <path
                      d="M18.991 2H9.01C7.899 2 7 2.899 7 4.01v5.637l-4.702 4.642A1 1 0 0 0 3 16v5a1 1 0 0 0 1 1h16a1 1 0 0 0 1-1V4.009C21 2.899 20.102 2 18.991 2zm-8.069 13.111V20H5v-5.568l2.987-2.949 2.935 3.003v.625zM13 9h-2V7h2v2zm4 8h-2v-2h2v2zm0-4h-2v-2h2v2zm0-4h-2V7h2v2z"
                    />
                    <path
                      d="M7 15h2v2H7z"
                    />
                  </svg>
                </div>
              </div>
              <div
                class="flex items-center justify-center flex-col h-3/10 w-full"
              >
                <p>
                  successfully completed
                </p>
                <p>
                  Construction projects
                </p>
              </div>
            </div>
          </div>
        </div>
      </div>
    </div>
    <div
      class="service"
    >
      <img
        alt="Solar Panels"
        class="service__background-image"
        src="/src/assets/solar.jpg"
      />
      <div
        class="service__overlay"
      >
        <div
          class="service__title"
        >
          <span
            style="color: rgb(8, 28, 58);"
          >
            Solar Panels
          </span>
        </div>
        <div
          class="service__button-container"
        >
          <a
            href="/orderSolarPanel"
          >
            <div
              class="service__button-left"
            >
              Order now
            </div>
          </a>
          <a
            href="/energy-learnmore"
          >
            <div
              class="service__button-right"
            >
              Learn more
            </div>
          </a>
        </div>
      </div>
    </div>
    <div
      class="service"
    >
      <img
        alt="Constructions"
        class="service__background-image"
        src="/src/assets/construction.jpg"
      />
      <div
        class="service__overlay"
      >
        <div
          class="service__title"
        >
          <span
            style="color: rgb(255, 255, 255);"
          >
            Constructions
          </span>
        </div>
        <div
          class="service__button-container"
        >
          <a
            href="/new-building-consultation"
          >
            <div
              class="service__button-left"
            >
              Order now
            </div>
          </a>
          <a
            href="/construction-learnmore"
          >
            <div
              class="service__button-right"
            >
              Learn more
            </div>
          </a>
        </div>
      </div>
    </div>
    <div>
      <div
        class="bill-calculator-button z-20"
      >
        Bill calculator
      </div>
    </div>
  </div>
  <div
    class="footer bg-primary md:px-3 md:py-8  mx-auto py-4 "
  >
    <div
      class="w-full h-4/10 my-10"
    >
      <div
        class="scroller-container"
      >
        <div
          class="scroller w-full h-full"
        >
          <div
            class="scroller_inner_right"
          >
            <div
              class="partner"
            >
              <img
                alt="Partner Logo 0"
                src="/src/assets/PartnerLogo/ABB_logo.png"
              />
            </div>
            <div
              class="partner"
            >
              <img
                alt="Partner Logo 1"
                src="/src/assets/PartnerLogo/fronius_logo.png"
              />
            </div>
            <div
              class="partner"
            >
              <img
                alt="Partner Logo 2"
                src="/src/assets/PartnerLogo/goodwe_logo.png"
              />
            </div>
            <div
              class="partner"
            >
              <img
                alt="Partner Logo 3"
                src="/src/assets/PartnerLogo/growatt_logo.webp"
              />
            </div>
            <div
              class="partner"
            >
              <img
                alt="Partner Logo 4"
                src="/src/assets/PartnerLogo/huawei_logo.png"
              />
            </div>
            <div
              class="partner"
            >
              <img
                alt="Partner Logo 5"
                src="/src/assets/PartnerLogo/jinko_logo.svg"
              />
            </div>
            <div
              class="partner"
            >
              <img
                alt="Partner Logo 6"
                src="/src/assets/PartnerLogo/omnik_logo.png"
              />
            </div>
            <div
              class="partner"
            >
              <img
                alt="Partner Logo 7"
                src="/src/assets/PartnerLogo/rec_logo.png"
              />
            </div>
            <div
              class="partner"
            >
              <img
                alt="Partner Logo 8"
                src="/src/assets/PartnerLogo/sma_logo.png"
              />
            </div>
            <div
              class="partner"
            >
              <img
                alt="Partner Logo 9"
                src="/src/assets/PartnerLogo/solax_logo.png"
              />
            </div>
            <div
              class="partner"
            >
              <img
                alt="Partner Logo 10"
                src="/src/assets/PartnerLogo/solis_logo.png"
              />
            </div>
            <div
              class="partner"
            >
              <img
                alt="Partner Logo 11"
                src="/src/assets/PartnerLogo/suntree_logo.png"
              />
            </div>
            <div
              class="partner"
            >
              <img
                alt="Partner Logo 12"
                src="/src/assets/PartnerLogo/trinasolar_logo.png"
              />
            </div>
            <div
              class="partner"
            >
              <img
                alt="Partner Logo 13"
                src="/src/assets/PartnerLogo/yinkli_logo.png"
              />
            </div>
          </div>
          <div
            class="scroller_inner_right"
          >
            <div
              class="partner"
            >
              <img
                alt="Partner Logo 0"
                src="/src/assets/PartnerLogo/ABB_logo.png"
              />
            </div>
            <div
              class="partner"
            >
              <img
                alt="Partner Logo 1"
                src="/src/assets/PartnerLogo/fronius_logo.png"
              />
            </div>
            <div
              class="partner"
            >
              <img
                alt="Partner Logo 2"
                src="/src/assets/PartnerLogo/goodwe_logo.png"
              />
            </div>
            <div
              class="partner"
            >
              <img
                alt="Partner Logo 3"
                src="/src/assets/PartnerLogo/growatt_logo.webp"
              />
            </div>
            <div
              class="partner"
            >
              <img
                alt="Partner Logo 4"
                src="/src/assets/PartnerLogo/huawei_logo.png"
              />
            </div>
            <div
              class="partner"
            >
              <img
                alt="Partner Logo 5"
                src="/src/assets/PartnerLogo/jinko_logo.svg"
              />
            </div>
            <div
              class="partner"
            >
              <img
                alt="Partner Logo 6"
                src="/src/assets/PartnerLogo/omnik_logo.png"
              />
            </div>
            <div
              class="partner"
            >
              <img
                alt="Partner Logo 7"
                src="/src/assets/PartnerLogo/rec_logo.png"
              />
            </div>
            <div
              class="partner"
            >
              <img
                alt="Partner Logo 8"
                src="/src/assets/PartnerLogo/sma_logo.png"
              />
            </div>
            <div
              class="partner"
            >
              <img
                alt="Partner Logo 9"
                src="/src/assets/PartnerLogo/solax_logo.png"
              />
            </div>
            <div
              class="partner"
            >
              <img
                alt="Partner Logo 10"
                src="/src/assets/PartnerLogo/solis_logo.png"
              />
            </div>
            <div
              class="partner"
            >
              <img
                alt="Partner Logo 11"
                src="/src/assets/PartnerLogo/suntree_logo.png"
              />
            </div>
            <div
              class="partner"
            >
              <img
                alt="Partner Logo 12"
                src="/src/assets/PartnerLogo/trinasolar_logo.png"
              />
            </div>
            <div
              class="partner"
            >
              <img
                alt="Partner Logo 13"
                src="/src/assets/PartnerLogo/yinkli_logo.png"
              />
            </div>
          </div>
        </div>
        <div
          class="scroller w-full h-full"
        >
          <div
            class="scroller_inner_left"
          >
            <div
              class="partner"
            >
              <img
                alt="Partner Logo 0"
                src="/src/assets/PartnerLogo/ABB_logo.png"
              />
            </div>
            <div
              class="partner"
            >
              <img
                alt="Partner Logo 1"
                src="/src/assets/PartnerLogo/fronius_logo.png"
              />
            </div>
            <div
              class="partner"
            >
              <img
                alt="Partner Logo 2"
                src="/src/assets/PartnerLogo/goodwe_logo.png"
              />
            </div>
            <div
              class="partner"
            >
              <img
                alt="Partner Logo 3"
                src="/src/assets/PartnerLogo/growatt_logo.webp"
              />
            </div>
            <div
              class="partner"
            >
              <img
                alt="Partner Logo 4"
                src="/src/assets/PartnerLogo/huawei_logo.png"
              />
            </div>
            <div
              class="partner"
            >
              <img
                alt="Partner Logo 5"
                src="/src/assets/PartnerLogo/jinko_logo.svg"
              />
            </div>
            <div
              class="partner"
            >
              <img
                alt="Partner Logo 6"
                src="/src/assets/PartnerLogo/omnik_logo.png"
              />
            </div>
            <div
              class="partner"
            >
              <img
                alt="Partner Logo 7"
                src="/src/assets/PartnerLogo/rec_logo.png"
              />
            </div>
            <div
              class="partner"
            >
              <img
                alt="Partner Logo 8"
                src="/src/assets/PartnerLogo/sma_logo.png"
              />
            </div>
            <div
              class="partner"
            >
              <img
                alt="Partner Logo 9"
                src="/src/assets/PartnerLogo/solax_logo.png"
              />
            </div>
            <div
              class="partner"
            >
              <img
                alt="Partner Logo 10"
                src="/src/assets/PartnerLogo/solis_logo.png"
              />
            </div>
            <div
              class="partner"
            >
              <img
                alt="Partner Logo 11"
                src="/src/assets/PartnerLogo/suntree_logo.png"
              />
            </div>
            <div
              class="partner"
            >
              <img
                alt="Partner Logo 12"
                src="/src/assets/PartnerLogo/trinasolar_logo.png"
              />
            </div>
            <div
              class="partner"
            >
              <img
                alt="Partner Logo 13"
                src="/src/assets/PartnerLogo/yinkli_logo.png"
              />
            </div>
          </div>
          <div
            class="scroller_inner_left"
          >
            <div
              class="partner"
            >
              <img
                alt="Partner Logo 0"
                src="/src/assets/PartnerLogo/ABB_logo.png"
              />
            </div>
            <div
              class="partner"
            >
              <img
                alt="Partner Logo 1"
                src="/src/assets/PartnerLogo/fronius_logo.png"
              />
            </div>
            <div
              class="partner"
            >
              <img
                alt="Partner Logo 2"
                src="/src/assets/PartnerLogo/goodwe_logo.png"
              />
            </div>
            <div
              class="partner"
            >
              <img
                alt="Partner Logo 3"
                src="/src/assets/PartnerLogo/growatt_logo.webp"
              />
            </div>
            <div
              class="partner"
            >
              <img
                alt="Partner Logo 4"
                src="/src/assets/PartnerLogo/huawei_logo.png"
              />
            </div>
            <div
              class="partner"
            >
              <img
                alt="Partner Logo 5"
                src="/src/assets/PartnerLogo/jinko_logo.svg"
              />
            </div>
            <div
              class="partner"
            >
              <img
                alt="Partner Logo 6"
                src="/src/assets/PartnerLogo/omnik_logo.png"
              />
            </div>
            <div
              class="partner"
            >
              <img
                alt="Partner Logo 7"
                src="/src/assets/PartnerLogo/rec_logo.png"
              />
            </div>
            <div
              class="partner"
            >
              <img
                alt="Partner Logo 8"
                src="/src/assets/PartnerLogo/sma_logo.png"
              />
            </div>
            <div
              class="partner"
            >
              <img
                alt="Partner Logo 9"
                src="/src/assets/PartnerLogo/solax_logo.png"
              />
            </div>
            <div
              class="partner"
            >
              <img
                alt="Partner Logo 10"
                src="/src/assets/PartnerLogo/solis_logo.png"
              />
            </div>
            <div
              class="partner"
            >
              <img
                alt="Partner Logo 11"
                src="/src/assets/PartnerLogo/suntree_logo.png"
              />
            </div>
            <div
              class="partner"
            >
              <img
                alt="Partner Logo 12"
                src="/src/assets/PartnerLogo/trinasolar_logo.png"
              />
            </div>
            <div
              class="partner"
            >
              <img
                alt="Partner Logo 13"
                src="/src/assets/PartnerLogo/yinkli_logo.png"
              />
            </div>
          </div>
        </div>
      </div>
    </div>
    <div
      class="footer-bottom-container grid grid-cols-2 mx-auto lg:grid-cols-4 gap-x-0 md:gap-x-0 mp-mobile-bounds"
    >
      <div
        class="col-span-2 lg:col-span-1 text-center lg:text-left"
      >
        <div
          class=" mt-5 md:mx-0 md:mt-0"
        >
          <div
            class="sevoLogo scale-75 sm:scale-100 text-3xl"
          >
            <div
              class="mx-0.25 inline-block"
            >
              S
            </div>
            <div
              class="mx-0.25 inline-block"
            >
              E
            </div>
            <div
              class="mx-0.25 inline-block"
            >
              V
            </div>
            <div
              class="mx-0.25 inline-block"
            >
              <svg
                color="#ffd700"
                fill="currentColor"
                height="2rem"
                stroke="currentColor"
                stroke-width="0"
                style="color: rgb(255, 215, 0);"
                viewBox="0 0 512 512"
                width="2rem"
                xmlns="http://www.w3.org/2000/svg"
              >
                <path
                  d="M277.3 32h-42.7v64h42.7V32zm129.1 43.7L368 114.1l29.9 29.9 38.4-38.4-29.9-29.9zm-300.8 0l-29.9 29.9 38.4 38.4 29.9-29.9-38.4-38.4zM256 128c-70.4 0-128 57.6-128 128s57.6 128 128 128 128-57.6 128-128-57.6-128-128-128zm224 106.7h-64v42.7h64v-42.7zm-384 0H32v42.7h64v-42.7zM397.9 368L368 397.9l38.4 38.4 29.9-29.9-38.4-38.4zm-283.8 0l-38.4 38.4 29.9 29.9 38.4-38.4-29.9-29.9zm163.2 48h-42.7v64h42.7v-64z"
                />
              </svg>
            </div>
            <div
              class="mx-0.25 inline-block"
            >
              S
            </div>
            <div
              class="mx-0.25 inline-block"
            >
              M
            </div>
            <div
              class="mx-0.25 inline-block"
            >
              A
            </div>
            <div
              class="mx-0.25 inline-block"
            >
              R
            </div>
            <div
              class="mx-0.25 inline-block"
            >
              T
            </div>
            <div
              class="mx-0.25 text-base text-red-500 inline-block"
            >
              e
            </div>
            <div
              class="mx-0.25 text-base text-blue-500 inline-block"
            >
              c
            </div>
            <div
              class="mx-0.25 text-base text-green-500 inline-block"
            >
              h
            </div>
          </div>
        </div>
        <div
          class="pt-6 md:pt-16 pb-4 md:pb-8  "
        >
          <strong
            class="text-secondary block pb-6 text-2xl lg:text-base"
          >
            Sign up for our newsletter and case alert system
          </strong>
          <p
            class="mb-6 text-left"
          >
            E-mail
          </p>
          <hr />
          <div
            class="grid justify-center py-6"
          >
            <div
              class="news-letter-button mb-4"
            >
              Submit
            </div>
          </div>
        </div>
        <div
          class="flex justify-center pb-8 lg:pb-0"
        >
          <svg
            fill="currentColor"
            height="2rem"
            stroke="currentColor"
            stroke-width="0"
            viewBox="0 0 512 512"
            width="2rem"
            xmlns="http://www.w3.org/2000/svg"
          >
            <path
              d="M504 256C504 119 393 8 256 8S8 119 8 256c0 123.78 90.69 226.38 209.25 245V327.69h-63V256h63v-54.64c0-62.15 37-96.48 93.67-96.48 27.14 0 55.52 4.84 55.52 4.84v61h-31.28c-30.8 0-40.41 19.12-40.41 38.73V256h68.78l-11 71.69h-57.78V501C413.31 482.38 504 379.78 504 256z"
            />
          </svg>
          <svg
            class="mx-8"
            fill="currentColor"
            height="2rem"
            stroke="currentColor"
            stroke-width="0"
            viewBox="0 0 512 512"
            width="2rem"
            xmlns="http://www.w3.org/2000/svg"
          >
            <path
              d="M437.332 80H74.668C51.199 80 32 99.198 32 122.667v266.666C32 412.802 51.199 432 74.668 432h362.664C460.801 432 480 412.802 480 389.333V122.667C480 99.198 460.801 80 437.332 80zM432 170.667L256 288 80 170.667V128l176 117.333L432 128v42.667z"
            />
          </svg>
          <svg
            fill="currentColor"
            height="2rem"
            stroke="currentColor"
            stroke-width="0"
            viewBox="0 0 448 512"
            width="2rem"
            xmlns="http://www.w3.org/2000/svg"
          >
            <path
              d="M380.9 97.1C339 55.1 283.2 32 223.9 32c-122.4 0-222 99.6-222 222 0 39.1 10.2 77.3 29.6 111L0 480l117.7-30.9c32.4 17.7 68.9 27 106.1 27h.1c122.3 0 224.1-99.6 224.1-222 0-59.3-25.2-115-67.1-157zm-157 341.6c-33.2 0-65.7-8.9-94-25.7l-6.7-4-69.8 18.3L72 359.2l-4.4-7c-18.5-29.4-28.2-63.3-28.2-98.2 0-101.7 82.8-184.5 184.6-184.5 49.3 0 95.6 19.2 130.4 54.1 34.8 34.9 56.2 81.2 56.1 130.5 0 101.8-84.9 184.6-186.6 184.6zm101.2-138.2c-5.5-2.8-32.8-16.2-37.9-18-5.1-1.9-8.8-2.8-12.5 2.8-3.7 5.6-14.3 18-17.6 21.8-3.2 3.7-6.5 4.2-12 1.4-32.6-16.3-54-29.1-75.5-66-5.7-9.8 5.7-9.1 16.3-30.3 1.8-3.7.9-6.9-.5-9.7-1.4-2.8-12.5-30.1-17.1-41.2-4.5-10.8-9.1-9.3-12.5-9.5-3.2-.2-6.9-.2-10.6-.2-3.7 0-9.7 1.4-14.8 6.9-5.1 5.6-19.4 19-19.4 46.3 0 27.3 19.9 53.7 22.6 57.4 2.8 3.7 39.1 59.7 94.8 83.8 35.2 15.2 49 16.5 66.6 13.9 10.7-1.6 32.8-13.4 37.4-26.4 4.6-13 4.6-24.1 3.2-26.4-1.3-2.5-5-3.9-10.5-6.6z"
            />
          </svg>
        </div>
      </div>
      <div
        class="lg:col-start-3"
      >
        <div
          class="flex flex-col"
        >
          <p
            class="menu-heading"
          >
            Menu
          </p>
          <p
            class="menu-content"
          >
            About Us
          </p>
          <p
            class="menu-content"
          >
            What we offer
          </p>
          <p
            class="menu-content"
          >
            Careers
          </p>
          <p
            class="menu-content"
          >
            Investor Relations
          </p>
          <p
            class="menu-content"
          >
            Video Guides
          </p>
          <p
            class="menu-content"
          >
            Customer Stories
          </p>
          <p
            class="menu-content"
          >
            Events
          </p>
        </div>
      </div>
      <div>
        <div
          class="flex flex-col"
        >
          <p
            class="menu-heading"
          >
            Address
          </p>
          <div
            class="menu-content"
          >
            <p>
              SEVO SMART TECH (PVT) LTD.
            </p>
            <p>
              Kiri-vasa,
            </p>
            <p>
              Chenaikudyruppu 01A, Kalmunai. 
            </p>
          </div>
          <p
            class="menu-heading"
          >
            Phone Number
          </p>
          <p
            class="menu-content"
          >
            T:0672225881 | 0711665128
          </p>
          <p
            class="menu-heading"
          >
            Email
          </p>
        </div>
      </div>
    </div>
  </div>
  <div
    style="position: fixed; z-index: 9999; top: 16px; left: 16px; right: 16px; bottom: 16px; pointer-events: none;"
  />
</DocumentFragment>
`;
